============================================ 
Assurance App Launcher - Startup Log 
Started: 25/05/2026  0:57:03,38 
============================================ 
 
[ 0:57:03,41] Starting WAMP Server... 
[ 0:57:03,42] Found WAMP at: D:\WAMP\wampmanager.exe 
[ 0:57:03,53] WAMP launched successfully 
[ 0:57:03,54] Waiting for WAMP to initialize... 
[ 0:57:18,17] Verifying WAMP services... 
[ 0:57:23,11] WAMP initialization complete 
 
[ 0:57:23,12] Starting Backend Server... 
[ 0:57:23,14] Backend server started in minimized window 
[ 0:57:23,15] Waiting for backend to initialize... 
[ 0:57:28,21] Backend initialization complete 
 
[ 0:57:28,22] Starting Frontend... 
[ 0:57:28,24] Frontend started in minimized window 
[ 0:57:28,24] Waiting for frontend to initialize... 
[ 0:57:33,18] Frontend initialization complete 
 
[ 0:57:33,20] All services started successfully 
 
[ 0:57:33,21] Services running: 
  - WAMP Server (Apache + MySQL) 
  - Backend Server (Node.js) 
  - Frontend (React/Vite) 
 
[ 0:57:33,23] Access URLs: 
  - Frontend: http://localhost:5173 
  - Backend: http://localhost:3000 (check backend for actual port) 
============================================ 
